PS C:\Users\SAHOO\Desktop\dist> git add .
PS C:\Users\SAHOO\Desktop\dist> git status
On branch manhattan
Changes to be committed:
  (use "git restore --staged <file>..." to unstage)
        modified:   distance.cpp
